// Jest Snapshot v1, https://goo.gl/fbAQLP

exports[`get loading view when !logged_in 1`] = `
<div
  className="loaderRow"
>
  <MBLoader
    size="large"
    type="spinner"
  />
</div>
`;

exports[`renders when logged_in 1`] = `
<Redirect
  push={false}
  to={
    Object {
      "pathname": "/orders/active",
      "state": Object {
        "from": Object {
          "pathname": "/",
        },
      },
    }
  }
/>
`;
