// Jest Snapshot v1, https://goo.gl/fbAQLP

exports[`renders correctly 1`] = `
<Row>
  <Cell
    mobile_hidden={false}
    mobile_only={true}
  >
    <p />
  </Cell>
  <Cell
    mobile_hidden={true}
    mobile_only={false}
  >
    <span>
      <input
        className="employee_1"
        id="1first_name"
        onChange={[Function]}
        type="text"
        value="Test"
      />
      <input
        className="employee_1"
        id="1last_name"
        onChange={[Function]}
        type="text"
        value="Employee"
      />
    </span>
  </Cell>
  <Cell
    mobile_hidden={true}
    mobile_only={false}
  >
    <input
      className="employee_1"
      id="1email"
      onChange={[Function]}
      type="text"
      value="test@test.com"
    />
  </Cell>
  <Cell
    mobile_hidden={true}
    mobile_only={false}
  >
    <p>
      No
    </p>
  </Cell>
  <Cell
    mobile_hidden={true}
    mobile_only={false}
  >
    <select
      className="employee_1"
      id="1active"
      onChange={[Function]}
      value={true}
    >
      <option
        value={true}
      >
        Active
      </option>
      <option
        value={false}
      >
        Inactive
      </option>
    </select>
  </Cell>
  <Cell
    mobile_hidden={true}
    mobile_only={false}
  >
    <div
      className="editOptionsWrapper"
    >
      <div
        className="actionsWrapper"
      >
        <MBButton
          button_type="link"
          onClick={[Function]}
        >
          Submit
        </MBButton>
        <div
          className="deleteIcon"
        >
          <MBIcon
            color="mb_red"
            icon="delete"
            onClick={[Function]}
          />
        </div>
      </div>
      <div
        className="cancelWrapper"
      >
        <MBIcon
          color="mb_red"
          icon="cancel"
          onClick={[Function]}
        />
      </div>
    </div>
  </Cell>
</Row>
`;
