// Jest Snapshot v1, https://goo.gl/fbAQLP

exports[`renders correctly 1`] = `
<Row>
  <Cell
    mobile_hidden={false}
    mobile_only={true}
  >
    <p />
  </Cell>
  <Cell
    mobile_hidden={true}
    mobile_only={false}
  >
    <select
      className="notification_method_1"
      id="1notification_type"
      onChange={[Function]}
    >
      <option
        value="phone"
      >
        Phone
      </option>
      <option
        value="sms"
      >
        SMS
      </option>
      <option
        value="fax"
      >
        Fax
      </option>
      <option
        value="email"
      >
        Email
      </option>
    </select>
  </Cell>
  <Cell
    mobile_hidden={true}
    mobile_only={false}
  >
    <input
      className="notification_method_1"
      id="1value"
      onChange={[Function]}
      type="text"
      value="1234567890"
    />
  </Cell>
  <Cell
    mobile_hidden={true}
    mobile_only={false}
  >
    <input
      className="notification_method_1"
      id="1label"
      onChange={[Function]}
      type="text"
      value="default_factory_notification_method"
    />
  </Cell>
  <Cell
    mobile_hidden={true}
    mobile_only={false}
  >
    <select
      className="notification_method_1"
      id="1active"
      onChange={[Function]}
      value={true}
    >
      <option
        value={true}
      >
        Active
      </option>
      <option
        value={false}
      >
        Inactive
      </option>
    </select>
  </Cell>
  <Cell
    mobile_hidden={true}
    mobile_only={false}
  >
    <div
      className="editOptionsWrapper"
    >
      <div
        className="actionsWrapper"
      >
        <MBButton
          button_type="link"
          onClick={[Function]}
        >
          Submit
        </MBButton>
        <div
          className="deleteIcon"
        >
          <MBButton
            button_type="link"
            onClick={[Function]}
          >
            <MBIcon
              color="mb_red"
              icon="delete"
            />
          </MBButton>
        </div>
      </div>
      <div
        className="cancelWrapper"
      >
        <MBIcon
          color="mb_red"
          icon="cancel"
          onClick={[Function]}
        />
      </div>
    </div>
  </Cell>
</Row>
`;
