// Jest Snapshot v1, https://goo.gl/fbAQLP

exports[`renders correctly 1`] = `
<div>
  <MBButton
    button_type="link"
    onClick={[Function]}
    size="large"
    title="Add a New Employee or Driver"
  >
    <MBIcon
      color="mb_red"
      icon="add"
      size="small"
    />
    <div>
      New Employee/Driver
    </div>
  </MBButton>
  <NewEmployeeModal
    close={[Function]}
    hidden={true}
  />
</div>
`;
